solve_momentum_Dxx_blocks_fused_rhs       380.76 ms
solve_momentum_Dyy_blocks                 171.88 ms
solve_momentum_Dzz_blocks                 237.12 ms
solve_pressure_Dxx_blocks                  45.77 ms
solve_pressure_Dyy_blocks                  22.15 ms
solve_pressure_Dzz_blocks                  64.69 ms
solver_step_aggregate                     935.51 ms

solve_momentum_Dxx_blocks_fused_rhs       406.84 ms
solve_momentum_Dyy_blocks                 184.95 ms
solve_momentum_Dzz_blocks                 212.25 ms
solve_pressure_Dxx_blocks                  45.54 ms
solve_pressure_Dyy_blocks                  22.16 ms
solve_pressure_Dzz_blocks                  67.52 ms
solver_step_aggregate                     939.30 ms

solve_momentum_Dxx_blocks_fused_rhs       404.33 ms
solve_momentum_Dyy_blocks                 184.56 ms
solve_momentum_Dzz_blocks                 212.64 ms
solve_pressure_Dxx_blocks                  45.62 ms
solve_pressure_Dyy_blocks                  22.16 ms
solve_pressure_Dzz_blocks                  64.89 ms
solver_step_aggregate                     934.23 ms

solve_momentum_Dxx_blocks_fused_rhs       394.32 ms
solve_momentum_Dyy_blocks                 184.72 ms
solve_momentum_Dzz_blocks                 212.51 ms
solve_pressure_Dxx_blocks                  45.40 ms
solve_pressure_Dyy_blocks                  22.20 ms
solve_pressure_Dzz_blocks                  64.74 ms
solver_step_aggregate                     923.93 ms

solve_momentum_Dxx_blocks_fused_rhs       406.41 ms
solve_momentum_Dyy_blocks                 184.77 ms
solve_momentum_Dzz_blocks                 212.49 ms
solve_pressure_Dxx_blocks                  45.65 ms
solve_pressure_Dyy_blocks                  22.32 ms
solve_pressure_Dzz_blocks                  65.42 ms
solver_step_aggregate                     937.09 ms

solve_momentum_Dxx_blocks_fused_rhs       401.38 ms
solve_momentum_Dyy_blocks                 184.80 ms
solve_momentum_Dzz_blocks                 212.71 ms
solve_pressure_Dxx_blocks                  45.77 ms
solve_pressure_Dyy_blocks                  22.18 ms
solve_pressure_Dzz_blocks                  65.58 ms
solver_step_aggregate                     932.47 ms

solve_momentum_Dxx_blocks_fused_rhs       401.67 ms
solve_momentum_Dyy_blocks                 184.89 ms
solve_momentum_Dzz_blocks                 212.56 ms
solve_pressure_Dxx_blocks                  45.59 ms
solve_pressure_Dyy_blocks                  22.13 ms
solve_pressure_Dzz_blocks                  65.91 ms
solver_step_aggregate                     932.80 ms

solve_momentum_Dxx_blocks_fused_rhs       411.39 ms
solve_momentum_Dyy_blocks                 184.93 ms
solve_momentum_Dzz_blocks                 212.80 ms
solve_pressure_Dxx_blocks                  45.59 ms
solve_pressure_Dyy_blocks                  22.16 ms
solve_pressure_Dzz_blocks                  66.91 ms
solver_step_aggregate                     943.83 ms

solve_momentum_Dxx_blocks_fused_rhs       396.12 ms
solve_momentum_Dyy_blocks                 184.72 ms
solve_momentum_Dzz_blocks                 212.57 ms
solve_pressure_Dxx_blocks                  45.62 ms
solve_pressure_Dyy_blocks                  22.18 ms
solve_pressure_Dzz_blocks                  66.05 ms
solver_step_aggregate                     927.31 ms

solve_momentum_Dxx_blocks_fused_rhs       404.19 ms
solve_momentum_Dyy_blocks                 184.84 ms
solve_momentum_Dzz_blocks                 212.58 ms
solve_pressure_Dxx_blocks                  45.52 ms
solve_pressure_Dyy_blocks                  22.12 ms
solve_pressure_Dzz_blocks                  65.24 ms
solver_step_aggregate                     934.52 ms

solve_momentum_Dxx_blocks_fused_rhs       415.42 ms
solve_momentum_Dyy_blocks                 184.67 ms
solve_momentum_Dzz_blocks                 212.35 ms
solve_pressure_Dxx_blocks                  45.58 ms
solve_pressure_Dyy_blocks                  22.16 ms
solve_pressure_Dzz_blocks                  65.81 ms
solver_step_aggregate                     946.03 ms

solve_momentum_Dxx_blocks_fused_rhs       409.57 ms
solve_momentum_Dyy_blocks                 184.45 ms
solve_momentum_Dzz_blocks                 212.39 ms
solve_pressure_Dxx_blocks                  45.56 ms
solve_pressure_Dyy_blocks                  22.12 ms
solve_pressure_Dzz_blocks                  65.10 ms
solver_step_aggregate                     939.60 ms

solve_momentum_Dxx_blocks_fused_rhs       401.08 ms
solve_momentum_Dyy_blocks                 184.78 ms
solve_momentum_Dzz_blocks                 212.75 ms
solve_pressure_Dxx_blocks                  45.52 ms
solve_pressure_Dyy_blocks                  22.16 ms
solve_pressure_Dzz_blocks                  66.70 ms
solver_step_aggregate                     933.04 ms

solve_momentum_Dxx_blocks_fused_rhs       404.46 ms
solve_momentum_Dyy_blocks                 184.93 ms
solve_momentum_Dzz_blocks                 212.34 ms
solve_pressure_Dxx_blocks                  45.59 ms
solve_pressure_Dyy_blocks                  22.20 ms
solve_pressure_Dzz_blocks                  66.19 ms
solver_step_aggregate                     935.75 ms

solve_momentum_Dxx_blocks_fused_rhs       408.62 ms
solve_momentum_Dyy_blocks                 184.72 ms
solve_momentum_Dzz_blocks                 212.62 ms
solve_pressure_Dxx_blocks                  45.60 ms
solve_pressure_Dyy_blocks                  22.17 ms
solve_pressure_Dzz_blocks                  67.51 ms
solver_step_aggregate                     941.28 ms

solve_momentum_Dxx_blocks_fused_rhs       406.20 ms
solve_momentum_Dyy_blocks                 184.82 ms
solve_momentum_Dzz_blocks                 212.60 ms
solve_pressure_Dxx_blocks                  45.53 ms
solve_pressure_Dyy_blocks                  22.23 ms
solve_pressure_Dzz_blocks                  64.86 ms
solver_step_aggregate                     936.29 ms

solve_momentum_Dxx_blocks_fused_rhs       403.48 ms
solve_momentum_Dyy_blocks                 184.81 ms
solve_momentum_Dzz_blocks                 212.60 ms
solve_pressure_Dxx_blocks                  45.60 ms
solve_pressure_Dyy_blocks                  22.13 ms
solve_pressure_Dzz_blocks                  66.09 ms
solver_step_aggregate                     934.78 ms

solve_momentum_Dxx_blocks_fused_rhs       406.76 ms
solve_momentum_Dyy_blocks                 184.72 ms
solve_momentum_Dzz_blocks                 212.66 ms
solve_pressure_Dxx_blocks                  45.59 ms
solve_pressure_Dyy_blocks                  22.16 ms
solve_pressure_Dzz_blocks                  65.90 ms
solver_step_aggregate                     937.84 ms

solve_momentum_Dxx_blocks_fused_rhs       406.74 ms
solve_momentum_Dyy_blocks                 185.02 ms
solve_momentum_Dzz_blocks                 212.53 ms
solve_pressure_Dxx_blocks                  45.56 ms
solve_pressure_Dyy_blocks                  22.15 ms
solve_pressure_Dzz_blocks                  67.41 ms
solver_step_aggregate                     939.45 ms

solve_momentum_Dxx_blocks_fused_rhs       401.51 ms
solve_momentum_Dyy_blocks                 184.73 ms
solve_momentum_Dzz_blocks                 212.72 ms
solve_pressure_Dxx_blocks                  45.63 ms
solve_pressure_Dyy_blocks                  22.28 ms
solve_pressure_Dzz_blocks                  65.41 ms
solver_step_aggregate                     932.32 ms

solver_total                            18717.46 ms
done
