solve_momentum_Dxx_blocks_fused_rhs        49.08 ms
solve_momentum_Dyy_blocks                  24.19 ms
solve_momentum_Dzz_blocks                  38.00 ms
solve_pressure_Dxx_blocks                   8.15 ms
solve_pressure_Dyy_blocks                   2.49 ms
solve_pressure_Dzz_blocks                   7.12 ms
solver_step_aggregate                     129.44 ms

solve_momentum_Dxx_blocks_fused_rhs        50.08 ms
solve_momentum_Dyy_blocks                  24.10 ms
solve_momentum_Dzz_blocks                  32.13 ms
solve_pressure_Dxx_blocks                   8.11 ms
solve_pressure_Dyy_blocks                   2.50 ms
solve_pressure_Dzz_blocks                   7.11 ms
solver_step_aggregate                     124.05 ms

solve_momentum_Dxx_blocks_fused_rhs        49.95 ms
solve_momentum_Dyy_blocks                  24.11 ms
solve_momentum_Dzz_blocks                  32.17 ms
solve_pressure_Dxx_blocks                   8.16 ms
solve_pressure_Dyy_blocks                   2.53 ms
solve_pressure_Dzz_blocks                   7.12 ms
solver_step_aggregate                     124.05 ms

solve_momentum_Dxx_blocks_fused_rhs        50.28 ms
solve_momentum_Dyy_blocks                  24.13 ms
solve_momentum_Dzz_blocks                  32.12 ms
solve_pressure_Dxx_blocks                   8.14 ms
solve_pressure_Dyy_blocks                   2.52 ms
solve_pressure_Dzz_blocks                   7.11 ms
solver_step_aggregate                     124.31 ms

solve_momentum_Dxx_blocks_fused_rhs        50.04 ms
solve_momentum_Dyy_blocks                  24.09 ms
solve_momentum_Dzz_blocks                  32.06 ms
solve_pressure_Dxx_blocks                   8.16 ms
solve_pressure_Dyy_blocks                   2.52 ms
solve_pressure_Dzz_blocks                   7.14 ms
solver_step_aggregate                     124.02 ms

solve_momentum_Dxx_blocks_fused_rhs        50.09 ms
solve_momentum_Dyy_blocks                  24.13 ms
solve_momentum_Dzz_blocks                  32.12 ms
solve_pressure_Dxx_blocks                   8.20 ms
solve_pressure_Dyy_blocks                   2.49 ms
solve_pressure_Dzz_blocks                   7.10 ms
solver_step_aggregate                     124.15 ms

solve_momentum_Dxx_blocks_fused_rhs        50.12 ms
solve_momentum_Dyy_blocks                  24.02 ms
solve_momentum_Dzz_blocks                  32.09 ms
solve_pressure_Dxx_blocks                   8.13 ms
solve_pressure_Dyy_blocks                   2.49 ms
solve_pressure_Dzz_blocks                   7.12 ms
solver_step_aggregate                     124.00 ms

solve_momentum_Dxx_blocks_fused_rhs        49.97 ms
solve_momentum_Dyy_blocks                  24.02 ms
solve_momentum_Dzz_blocks                  32.07 ms
solve_pressure_Dxx_blocks                   8.16 ms
solve_pressure_Dyy_blocks                   2.55 ms
solve_pressure_Dzz_blocks                   7.16 ms
solver_step_aggregate                     123.95 ms

solve_momentum_Dxx_blocks_fused_rhs        50.03 ms
solve_momentum_Dyy_blocks                  24.09 ms
solve_momentum_Dzz_blocks                  32.12 ms
solve_pressure_Dxx_blocks                   8.14 ms
solve_pressure_Dyy_blocks                   2.50 ms
solve_pressure_Dzz_blocks                   7.12 ms
solver_step_aggregate                     124.03 ms

solve_momentum_Dxx_blocks_fused_rhs        49.85 ms
solve_momentum_Dyy_blocks                  24.02 ms
solve_momentum_Dzz_blocks                  32.07 ms
solve_pressure_Dxx_blocks                   8.15 ms
solve_pressure_Dyy_blocks                   2.55 ms
solve_pressure_Dzz_blocks                   7.12 ms
solver_step_aggregate                     123.79 ms

solve_momentum_Dxx_blocks_fused_rhs        50.22 ms
solve_momentum_Dyy_blocks                  24.09 ms
solve_momentum_Dzz_blocks                  32.13 ms
solve_pressure_Dxx_blocks                   8.11 ms
solve_pressure_Dyy_blocks                   2.50 ms
solve_pressure_Dzz_blocks                   7.12 ms
solver_step_aggregate                     124.19 ms

solve_momentum_Dxx_blocks_fused_rhs        50.09 ms
solve_momentum_Dyy_blocks                  24.12 ms
solve_momentum_Dzz_blocks                  32.07 ms
solve_pressure_Dxx_blocks                   8.13 ms
solve_pressure_Dyy_blocks                   2.54 ms
solve_pressure_Dzz_blocks                   7.10 ms
solver_step_aggregate                     124.07 ms

solve_momentum_Dxx_blocks_fused_rhs        50.22 ms
solve_momentum_Dyy_blocks                  24.20 ms
solve_momentum_Dzz_blocks                  32.15 ms
solve_pressure_Dxx_blocks                   8.16 ms
solve_pressure_Dyy_blocks                   2.52 ms
solve_pressure_Dzz_blocks                   7.09 ms
solver_step_aggregate                     124.37 ms

solve_momentum_Dxx_blocks_fused_rhs        49.92 ms
solve_momentum_Dyy_blocks                  24.07 ms
solve_momentum_Dzz_blocks                  32.10 ms
solve_pressure_Dxx_blocks                   8.09 ms
solve_pressure_Dyy_blocks                   2.50 ms
solve_pressure_Dzz_blocks                   7.14 ms
solver_step_aggregate                     123.85 ms

solve_momentum_Dxx_blocks_fused_rhs        50.31 ms
solve_momentum_Dyy_blocks                  24.08 ms
solve_momentum_Dzz_blocks                  32.06 ms
solve_pressure_Dxx_blocks                   8.09 ms
solve_pressure_Dyy_blocks                   2.55 ms
solve_pressure_Dzz_blocks                   7.12 ms
solver_step_aggregate                     124.22 ms

solve_momentum_Dxx_blocks_fused_rhs        50.03 ms
solve_momentum_Dyy_blocks                  24.05 ms
solve_momentum_Dzz_blocks                  32.10 ms
solve_pressure_Dxx_blocks                   8.13 ms
solve_pressure_Dyy_blocks                   2.52 ms
solve_pressure_Dzz_blocks                   7.10 ms
solver_step_aggregate                     123.96 ms

solve_momentum_Dxx_blocks_fused_rhs        50.01 ms
solve_momentum_Dyy_blocks                  24.04 ms
solve_momentum_Dzz_blocks                  32.08 ms
solve_pressure_Dxx_blocks                   8.20 ms
solve_pressure_Dyy_blocks                   2.49 ms
solve_pressure_Dzz_blocks                   7.11 ms
solver_step_aggregate                     123.95 ms

solve_momentum_Dxx_blocks_fused_rhs        50.16 ms
solve_momentum_Dyy_blocks                  24.11 ms
solve_momentum_Dzz_blocks                  32.05 ms
solve_pressure_Dxx_blocks                   8.11 ms
solve_pressure_Dyy_blocks                   2.52 ms
solve_pressure_Dzz_blocks                   7.11 ms
solver_step_aggregate                     124.08 ms

solve_momentum_Dxx_blocks_fused_rhs        50.29 ms
solve_momentum_Dyy_blocks                  24.09 ms
solve_momentum_Dzz_blocks                  32.09 ms
solve_pressure_Dxx_blocks                   8.10 ms
solve_pressure_Dyy_blocks                   2.49 ms
solve_pressure_Dzz_blocks                   7.10 ms
solver_step_aggregate                     124.17 ms

solve_momentum_Dxx_blocks_fused_rhs        49.98 ms
solve_momentum_Dyy_blocks                  24.07 ms
solve_momentum_Dzz_blocks                  32.08 ms
solve_pressure_Dxx_blocks                   8.13 ms
solve_pressure_Dyy_blocks                   2.50 ms
solve_pressure_Dzz_blocks                   7.11 ms
solver_step_aggregate                     123.89 ms

output_vtk_write                3096.06 ms [1 runs avg]
output_vtk_write                3096.06 ms [1 runs avg]
output_vtk_write                3096.08 ms [1 runs avg]
output_vtk_write                3096.06 ms [1 runs avg]
output_vtk_write                3096.06 ms [1 runs avg]
output_vtk_write                3096.09 ms [1 runs avg]
output_vtk_write                3096.06 ms [1 runs avg]
output_vtk_write                3096.08 ms [1 runs avg]
output_vtk_write                3096.09 ms [1 runs avg]
output_vtk_write                3096.10 ms [1 runs avg]
output_vtk_write                3096.07 ms [1 runs avg]
output_vtk_write                3096.06 ms [1 runs avg]
output_vtk_write                3096.09 ms [1 runs avg]
output_vtk_write                3096.09 ms [1 runs avg]
output_vtk_write                3096.09 ms [1 runs avg]
output_vtk_write                3096.59 ms [1 runs avg]
