solve_momentum_Dxx_blocks_fused_rhs       584.40 ms
solve_momentum_Dyy_blocks                 249.36 ms
solve_momentum_Dzz_blocks                 306.44 ms
solve_pressure_Dxx_blocks                  62.09 ms
solve_pressure_Dyy_blocks                  29.45 ms
solve_pressure_Dzz_blocks                  60.76 ms
solver_step_aggregate                    1293.03 ms

solve_momentum_Dxx_blocks_fused_rhs       585.81 ms
solve_momentum_Dyy_blocks                 247.50 ms
solve_momentum_Dzz_blocks                 264.91 ms
solve_pressure_Dxx_blocks                  62.07 ms
solve_pressure_Dyy_blocks                  29.47 ms
solve_pressure_Dzz_blocks                  60.75 ms
solver_step_aggregate                    1250.56 ms

solve_momentum_Dxx_blocks_fused_rhs       584.19 ms
solve_momentum_Dyy_blocks                 247.48 ms
solve_momentum_Dzz_blocks                 264.55 ms
solve_pressure_Dxx_blocks                  62.19 ms
solve_pressure_Dyy_blocks                  29.44 ms
solve_pressure_Dzz_blocks                  60.73 ms
solver_step_aggregate                    1248.63 ms

solve_momentum_Dxx_blocks_fused_rhs       583.81 ms
solve_momentum_Dyy_blocks                 247.52 ms
solve_momentum_Dzz_blocks                 264.05 ms
solve_pressure_Dxx_blocks                  62.16 ms
solve_pressure_Dyy_blocks                  29.37 ms
solve_pressure_Dzz_blocks                  60.70 ms
solver_step_aggregate                    1247.65 ms

solve_momentum_Dxx_blocks_fused_rhs       584.50 ms
solve_momentum_Dyy_blocks                 247.57 ms
solve_momentum_Dzz_blocks                 264.18 ms
solve_pressure_Dxx_blocks                  62.12 ms
solve_pressure_Dyy_blocks                  29.35 ms
solve_pressure_Dzz_blocks                  60.74 ms
solver_step_aggregate                    1248.49 ms

solve_momentum_Dxx_blocks_fused_rhs       586.15 ms
solve_momentum_Dyy_blocks                 247.45 ms
solve_momentum_Dzz_blocks                 264.24 ms
solve_pressure_Dxx_blocks                  62.28 ms
solve_pressure_Dyy_blocks                  29.43 ms
solve_pressure_Dzz_blocks                  60.78 ms
solver_step_aggregate                    1250.38 ms

solve_momentum_Dxx_blocks_fused_rhs       584.47 ms
solve_momentum_Dyy_blocks                 247.31 ms
solve_momentum_Dzz_blocks                 264.20 ms
solve_pressure_Dxx_blocks                  62.17 ms
solve_pressure_Dyy_blocks                  29.33 ms
solve_pressure_Dzz_blocks                  60.71 ms
solver_step_aggregate                    1248.23 ms

solve_momentum_Dxx_blocks_fused_rhs       584.32 ms
solve_momentum_Dyy_blocks                 247.39 ms
solve_momentum_Dzz_blocks                 264.24 ms
solve_pressure_Dxx_blocks                  62.23 ms
solve_pressure_Dyy_blocks                  29.35 ms
solve_pressure_Dzz_blocks                  60.74 ms
solver_step_aggregate                    1248.31 ms

solve_momentum_Dxx_blocks_fused_rhs       583.36 ms
solve_momentum_Dyy_blocks                 247.47 ms
solve_momentum_Dzz_blocks                 264.27 ms
solve_pressure_Dxx_blocks                  62.19 ms
solve_pressure_Dyy_blocks                  29.38 ms
solve_pressure_Dzz_blocks                  60.86 ms
solver_step_aggregate                    1247.55 ms

solve_momentum_Dxx_blocks_fused_rhs       584.31 ms
solve_momentum_Dyy_blocks                 247.43 ms
solve_momentum_Dzz_blocks                 264.27 ms
solve_pressure_Dxx_blocks                  62.16 ms
solve_pressure_Dyy_blocks                  29.36 ms
solve_pressure_Dzz_blocks                  60.81 ms
solver_step_aggregate                    1248.35 ms

solve_momentum_Dxx_blocks_fused_rhs       584.62 ms
solve_momentum_Dyy_blocks                 247.42 ms
solve_momentum_Dzz_blocks                 264.28 ms
solve_pressure_Dxx_blocks                  62.37 ms
solve_pressure_Dyy_blocks                  29.35 ms
solve_pressure_Dzz_blocks                  60.75 ms
solver_step_aggregate                    1248.81 ms

solve_momentum_Dxx_blocks_fused_rhs       584.39 ms
solve_momentum_Dyy_blocks                 247.27 ms
solve_momentum_Dzz_blocks                 264.20 ms
solve_pressure_Dxx_blocks                  62.27 ms
solve_pressure_Dyy_blocks                  29.38 ms
solve_pressure_Dzz_blocks                  60.79 ms
solver_step_aggregate                    1248.32 ms

solve_momentum_Dxx_blocks_fused_rhs       583.87 ms
solve_momentum_Dyy_blocks                 247.32 ms
solve_momentum_Dzz_blocks                 264.39 ms
solve_pressure_Dxx_blocks                  62.36 ms
solve_pressure_Dyy_blocks                  29.41 ms
solve_pressure_Dzz_blocks                  60.76 ms
solver_step_aggregate                    1248.13 ms

solve_momentum_Dxx_blocks_fused_rhs       585.05 ms
solve_momentum_Dyy_blocks                 248.23 ms
solve_momentum_Dzz_blocks                 264.16 ms
solve_pressure_Dxx_blocks                  62.27 ms
solve_pressure_Dyy_blocks                  29.38 ms
solve_pressure_Dzz_blocks                  60.71 ms
solver_step_aggregate                    1249.83 ms

solve_momentum_Dxx_blocks_fused_rhs       576.55 ms
solve_momentum_Dyy_blocks                 247.39 ms
solve_momentum_Dzz_blocks                 264.65 ms
solve_pressure_Dxx_blocks                  62.20 ms
solve_pressure_Dyy_blocks                  29.41 ms
solve_pressure_Dzz_blocks                  60.73 ms
solver_step_aggregate                    1240.96 ms

solve_momentum_Dxx_blocks_fused_rhs       584.65 ms
solve_momentum_Dyy_blocks                 247.47 ms
solve_momentum_Dzz_blocks                 264.59 ms
solve_pressure_Dxx_blocks                  62.04 ms
solve_pressure_Dyy_blocks                  29.43 ms
solve_pressure_Dzz_blocks                  60.69 ms
solver_step_aggregate                    1248.89 ms

solve_momentum_Dxx_blocks_fused_rhs       585.20 ms
solve_momentum_Dyy_blocks                 247.38 ms
solve_momentum_Dzz_blocks                 264.88 ms
solve_pressure_Dxx_blocks                  62.14 ms
solve_pressure_Dyy_blocks                  29.43 ms
solve_pressure_Dzz_blocks                  60.84 ms
solver_step_aggregate                    1249.89 ms

solve_momentum_Dxx_blocks_fused_rhs       582.97 ms
solve_momentum_Dyy_blocks                 247.36 ms
solve_momentum_Dzz_blocks                 264.57 ms
solve_pressure_Dxx_blocks                  62.20 ms
solve_pressure_Dyy_blocks                  29.35 ms
solve_pressure_Dzz_blocks                  60.76 ms
solver_step_aggregate                    1247.23 ms

solve_momentum_Dxx_blocks_fused_rhs       584.64 ms
solve_momentum_Dyy_blocks                 247.36 ms
solve_momentum_Dzz_blocks                 264.48 ms
solve_pressure_Dxx_blocks                  62.26 ms
solve_pressure_Dyy_blocks                  29.37 ms
solve_pressure_Dzz_blocks                  60.71 ms
solver_step_aggregate                    1248.84 ms

solve_momentum_Dxx_blocks_fused_rhs       585.45 ms
solve_momentum_Dyy_blocks                 247.39 ms
solve_momentum_Dzz_blocks                 264.37 ms
solve_pressure_Dxx_blocks                  62.05 ms
solve_pressure_Dyy_blocks                  29.43 ms
solve_pressure_Dzz_blocks                  60.79 ms
solver_step_aggregate                    1249.51 ms

