solve_momentum_Dxx_blocks_fused_rhs       633.41 ms
solve_momentum_Dyy_blocks                 256.01 ms
solve_momentum_Dzz_blocks                 317.84 ms
solve_pressure_Dxx_blocks                  64.84 ms
solve_pressure_Dyy_blocks                  31.03 ms
solve_pressure_Dzz_blocks                  61.35 ms
solver_step_aggregate                    1365.06 ms

solve_momentum_Dxx_blocks_fused_rhs       631.67 ms
solve_momentum_Dyy_blocks                 256.48 ms
solve_momentum_Dzz_blocks                 275.98 ms
solve_pressure_Dxx_blocks                  64.75 ms
solve_pressure_Dyy_blocks                  31.08 ms
solve_pressure_Dzz_blocks                  61.35 ms
solver_step_aggregate                    1321.33 ms

solve_momentum_Dxx_blocks_fused_rhs       630.77 ms
solve_momentum_Dyy_blocks                 256.33 ms
solve_momentum_Dzz_blocks                 276.01 ms
solve_pressure_Dxx_blocks                  64.88 ms
solve_pressure_Dyy_blocks                  31.18 ms
solve_pressure_Dzz_blocks                  61.37 ms
solver_step_aggregate                    1320.57 ms

solve_momentum_Dxx_blocks_fused_rhs       631.72 ms
solve_momentum_Dyy_blocks                 256.52 ms
solve_momentum_Dzz_blocks                 275.81 ms
solve_pressure_Dxx_blocks                  64.75 ms
solve_pressure_Dyy_blocks                  31.16 ms
solve_pressure_Dzz_blocks                  61.35 ms
solver_step_aggregate                    1321.33 ms

solve_momentum_Dxx_blocks_fused_rhs       630.58 ms
solve_momentum_Dyy_blocks                 256.40 ms
solve_momentum_Dzz_blocks                 275.87 ms
solve_pressure_Dxx_blocks                  64.64 ms
solve_pressure_Dyy_blocks                  31.03 ms
solve_pressure_Dzz_blocks                  61.41 ms
solver_step_aggregate                    1319.96 ms

solve_momentum_Dxx_blocks_fused_rhs       630.57 ms
solve_momentum_Dyy_blocks                 256.52 ms
solve_momentum_Dzz_blocks                 275.96 ms
solve_pressure_Dxx_blocks                  64.87 ms
solve_pressure_Dyy_blocks                  31.14 ms
solve_pressure_Dzz_blocks                  61.34 ms
solver_step_aggregate                    1320.43 ms

solve_momentum_Dxx_blocks_fused_rhs       629.70 ms
solve_momentum_Dyy_blocks                 256.28 ms
solve_momentum_Dzz_blocks                 275.88 ms
solve_pressure_Dxx_blocks                  64.84 ms
solve_pressure_Dyy_blocks                  31.12 ms
solve_pressure_Dzz_blocks                  61.35 ms
solver_step_aggregate                    1319.19 ms

solve_momentum_Dxx_blocks_fused_rhs       627.54 ms
solve_momentum_Dyy_blocks                 256.45 ms
solve_momentum_Dzz_blocks                 275.79 ms
solve_pressure_Dxx_blocks                  64.72 ms
solve_pressure_Dyy_blocks                  31.12 ms
solve_pressure_Dzz_blocks                  61.40 ms
solver_step_aggregate                    1317.05 ms

solve_momentum_Dxx_blocks_fused_rhs       630.68 ms
solve_momentum_Dyy_blocks                 256.34 ms
solve_momentum_Dzz_blocks                 275.92 ms
solve_pressure_Dxx_blocks                  64.71 ms
solve_pressure_Dyy_blocks                  31.07 ms
solve_pressure_Dzz_blocks                  61.36 ms
solver_step_aggregate                    1320.13 ms

solve_momentum_Dxx_blocks_fused_rhs       631.86 ms
solve_momentum_Dyy_blocks                 256.34 ms
solve_momentum_Dzz_blocks                 275.89 ms
solve_pressure_Dxx_blocks                  64.76 ms
solve_pressure_Dyy_blocks                  31.03 ms
solve_pressure_Dzz_blocks                  61.43 ms
solver_step_aggregate                    1321.33 ms

solve_momentum_Dxx_blocks_fused_rhs       631.43 ms
solve_momentum_Dyy_blocks                 256.94 ms
solve_momentum_Dzz_blocks                 275.82 ms
solve_pressure_Dxx_blocks                  64.85 ms
solve_pressure_Dyy_blocks                  31.06 ms
solve_pressure_Dzz_blocks                  61.29 ms
solver_step_aggregate                    1321.42 ms

solve_momentum_Dxx_blocks_fused_rhs       631.59 ms
solve_momentum_Dyy_blocks                 256.58 ms
solve_momentum_Dzz_blocks                 275.87 ms
solve_pressure_Dxx_blocks                  64.83 ms
solve_pressure_Dyy_blocks                  31.13 ms
solve_pressure_Dzz_blocks                  61.38 ms
solver_step_aggregate                    1321.41 ms

solve_momentum_Dxx_blocks_fused_rhs       629.38 ms
solve_momentum_Dyy_blocks                 256.20 ms
solve_momentum_Dzz_blocks                 275.76 ms
solve_pressure_Dxx_blocks                  64.83 ms
solve_pressure_Dyy_blocks                  31.11 ms
solve_pressure_Dzz_blocks                  61.38 ms
solver_step_aggregate                    1318.68 ms

solve_momentum_Dxx_blocks_fused_rhs       631.89 ms
solve_momentum_Dyy_blocks                 256.63 ms
solve_momentum_Dzz_blocks                 276.01 ms
solve_pressure_Dxx_blocks                  64.79 ms
solve_pressure_Dyy_blocks                  31.03 ms
solve_pressure_Dzz_blocks                  61.40 ms
solver_step_aggregate                    1321.78 ms

solve_momentum_Dxx_blocks_fused_rhs       629.82 ms
solve_momentum_Dyy_blocks                 256.47 ms
solve_momentum_Dzz_blocks                 275.98 ms
solve_pressure_Dxx_blocks                  64.79 ms
solve_pressure_Dyy_blocks                  31.05 ms
solve_pressure_Dzz_blocks                  61.35 ms
solver_step_aggregate                    1319.49 ms

solve_momentum_Dxx_blocks_fused_rhs       631.70 ms
solve_momentum_Dyy_blocks                 256.24 ms
solve_momentum_Dzz_blocks                 275.77 ms
solve_pressure_Dxx_blocks                  64.86 ms
solve_pressure_Dyy_blocks                  30.99 ms
solve_pressure_Dzz_blocks                  61.36 ms
solver_step_aggregate                    1321.11 ms

solve_momentum_Dxx_blocks_fused_rhs       632.34 ms
solve_momentum_Dyy_blocks                 256.20 ms
solve_momentum_Dzz_blocks                 275.82 ms
solve_pressure_Dxx_blocks                  65.02 ms
solve_pressure_Dyy_blocks                  31.15 ms
solve_pressure_Dzz_blocks                  61.50 ms
solver_step_aggregate                    1322.07 ms

solve_momentum_Dxx_blocks_fused_rhs       630.25 ms
solve_momentum_Dyy_blocks                 256.49 ms
solve_momentum_Dzz_blocks                 275.89 ms
solve_pressure_Dxx_blocks                  64.85 ms
solve_pressure_Dyy_blocks                  31.05 ms
solve_pressure_Dzz_blocks                  61.29 ms
solver_step_aggregate                    1319.86 ms

solve_momentum_Dxx_blocks_fused_rhs       631.31 ms
solve_momentum_Dyy_blocks                 256.39 ms
solve_momentum_Dzz_blocks                 275.92 ms
solve_pressure_Dxx_blocks                  64.91 ms
solve_pressure_Dyy_blocks                  31.05 ms
solve_pressure_Dzz_blocks                  61.45 ms
solver_step_aggregate                    1321.06 ms

solve_momentum_Dxx_blocks_fused_rhs       631.28 ms
solve_momentum_Dyy_blocks                 256.33 ms
solve_momentum_Dzz_blocks                 275.93 ms
solve_pressure_Dxx_blocks                  65.02 ms
solve_pressure_Dyy_blocks                  31.31 ms
solve_pressure_Dzz_blocks                  61.38 ms
solver_step_aggregate                    1321.29 ms

solver_total                            26454.59 ms
done
