solve_momentum_Dxx_blocks_fused_rhs        82.03 ms
solve_momentum_Dyy_blocks                  25.23 ms
solve_momentum_Dzz_blocks                  48.29 ms
solve_pressure_Dxx_blocks                  10.79 ms
solve_pressure_Dyy_blocks                   3.05 ms
solve_pressure_Dzz_blocks                   8.32 ms
solver_step_aggregate                     178.06 ms

solve_momentum_Dxx_blocks_fused_rhs        81.83 ms
solve_momentum_Dyy_blocks                  25.45 ms
solve_momentum_Dzz_blocks                  40.21 ms
solve_pressure_Dxx_blocks                  10.82 ms
solve_pressure_Dyy_blocks                   3.03 ms
solve_pressure_Dzz_blocks                   8.27 ms
solver_step_aggregate                     169.63 ms

solve_momentum_Dxx_blocks_fused_rhs        82.19 ms
solve_momentum_Dyy_blocks                  25.36 ms
solve_momentum_Dzz_blocks                  40.22 ms
solve_pressure_Dxx_blocks                  10.84 ms
solve_pressure_Dyy_blocks                   3.03 ms
solve_pressure_Dzz_blocks                   8.28 ms
solver_step_aggregate                     169.93 ms

solve_momentum_Dxx_blocks_fused_rhs        81.97 ms
solve_momentum_Dyy_blocks                  25.35 ms
solve_momentum_Dzz_blocks                  40.32 ms
solve_pressure_Dxx_blocks                  10.84 ms
solve_pressure_Dyy_blocks                   3.03 ms
solve_pressure_Dzz_blocks                   8.29 ms
solver_step_aggregate                     169.80 ms

solve_momentum_Dxx_blocks_fused_rhs        81.90 ms
solve_momentum_Dyy_blocks                  25.39 ms
solve_momentum_Dzz_blocks                  40.23 ms
solve_pressure_Dxx_blocks                  10.89 ms
solve_pressure_Dyy_blocks                   3.04 ms
solve_pressure_Dzz_blocks                   8.27 ms
solver_step_aggregate                     169.75 ms

solve_momentum_Dxx_blocks_fused_rhs        82.09 ms
solve_momentum_Dyy_blocks                  25.41 ms
solve_momentum_Dzz_blocks                  40.26 ms
solve_pressure_Dxx_blocks                  10.82 ms
solve_pressure_Dyy_blocks                   3.05 ms
solve_pressure_Dzz_blocks                   8.34 ms
solver_step_aggregate                     169.99 ms

solve_momentum_Dxx_blocks_fused_rhs        81.69 ms
solve_momentum_Dyy_blocks                  25.36 ms
solve_momentum_Dzz_blocks                  40.27 ms
solve_pressure_Dxx_blocks                  10.88 ms
solve_pressure_Dyy_blocks                   3.02 ms
solve_pressure_Dzz_blocks                   8.28 ms
solver_step_aggregate                     169.52 ms

solve_momentum_Dxx_blocks_fused_rhs        81.87 ms
solve_momentum_Dyy_blocks                  25.35 ms
solve_momentum_Dzz_blocks                  40.20 ms
solve_pressure_Dxx_blocks                  10.93 ms
solve_pressure_Dyy_blocks                   3.04 ms
solve_pressure_Dzz_blocks                   8.27 ms
solver_step_aggregate                     169.67 ms

solve_momentum_Dxx_blocks_fused_rhs        81.44 ms
solve_momentum_Dyy_blocks                  25.42 ms
solve_momentum_Dzz_blocks                  40.17 ms
solve_pressure_Dxx_blocks                  10.91 ms
solve_pressure_Dyy_blocks                   3.07 ms
solve_pressure_Dzz_blocks                   8.28 ms
solver_step_aggregate                     169.32 ms

solve_momentum_Dxx_blocks_fused_rhs        81.93 ms
solve_momentum_Dyy_blocks                  25.38 ms
solve_momentum_Dzz_blocks                  40.20 ms
solve_pressure_Dxx_blocks                  10.86 ms
solve_pressure_Dyy_blocks                   3.04 ms
solve_pressure_Dzz_blocks                   8.29 ms
solver_step_aggregate                     169.72 ms

solve_momentum_Dxx_blocks_fused_rhs        81.81 ms
solve_momentum_Dyy_blocks                  25.45 ms
solve_momentum_Dzz_blocks                  40.27 ms
solve_pressure_Dxx_blocks                  10.97 ms
solve_pressure_Dyy_blocks                   3.02 ms
solve_pressure_Dzz_blocks                   8.25 ms
solver_step_aggregate                     169.80 ms

solve_momentum_Dxx_blocks_fused_rhs        81.95 ms
solve_momentum_Dyy_blocks                  25.32 ms
solve_momentum_Dzz_blocks                  40.30 ms
solve_pressure_Dxx_blocks                  10.82 ms
solve_pressure_Dyy_blocks                   3.06 ms
solve_pressure_Dzz_blocks                   8.29 ms
solver_step_aggregate                     169.76 ms

solve_momentum_Dxx_blocks_fused_rhs        82.02 ms
solve_momentum_Dyy_blocks                  25.38 ms
solve_momentum_Dzz_blocks                  40.25 ms
solve_pressure_Dxx_blocks                  10.87 ms
solve_pressure_Dyy_blocks                   3.04 ms
solve_pressure_Dzz_blocks                   8.25 ms
solver_step_aggregate                     169.83 ms

solve_momentum_Dxx_blocks_fused_rhs        81.71 ms
solve_momentum_Dyy_blocks                  25.39 ms
solve_momentum_Dzz_blocks                  40.19 ms
solve_pressure_Dxx_blocks                  11.06 ms
solve_pressure_Dyy_blocks                   3.03 ms
solve_pressure_Dzz_blocks                   8.27 ms
solver_step_aggregate                     169.68 ms

solve_momentum_Dxx_blocks_fused_rhs        81.95 ms
solve_momentum_Dyy_blocks                  25.40 ms
solve_momentum_Dzz_blocks                  40.18 ms
solve_pressure_Dxx_blocks                  10.88 ms
solve_pressure_Dyy_blocks                   3.01 ms
solve_pressure_Dzz_blocks                   8.29 ms
solver_step_aggregate                     169.74 ms

solve_momentum_Dxx_blocks_fused_rhs        81.86 ms
solve_momentum_Dyy_blocks                  25.36 ms
solve_momentum_Dzz_blocks                  40.21 ms
solve_pressure_Dxx_blocks                  10.86 ms
solve_pressure_Dyy_blocks                   3.05 ms
solve_pressure_Dzz_blocks                   8.29 ms
solver_step_aggregate                     169.65 ms

solve_momentum_Dxx_blocks_fused_rhs        81.88 ms
solve_momentum_Dyy_blocks                  25.41 ms
solve_momentum_Dzz_blocks                  40.23 ms
solve_pressure_Dxx_blocks                  10.93 ms
solve_pressure_Dyy_blocks                   3.03 ms
solve_pressure_Dzz_blocks                   8.30 ms
solver_step_aggregate                     169.81 ms

solve_momentum_Dxx_blocks_fused_rhs        82.02 ms
solve_momentum_Dyy_blocks                  25.40 ms
solve_momentum_Dzz_blocks                  40.23 ms
solve_pressure_Dxx_blocks                  10.82 ms
solve_pressure_Dyy_blocks                   3.05 ms
solve_pressure_Dzz_blocks                   8.31 ms
solver_step_aggregate                     169.85 ms

solve_momentum_Dxx_blocks_fused_rhs        81.57 ms
solve_momentum_Dyy_blocks                  25.41 ms
solve_momentum_Dzz_blocks                  40.27 ms
solve_pressure_Dxx_blocks                  10.88 ms
solve_pressure_Dyy_blocks                   3.05 ms
solve_pressure_Dzz_blocks                   8.26 ms
solver_step_aggregate                     169.46 ms

solve_momentum_Dxx_blocks_fused_rhs        81.93 ms
solve_momentum_Dyy_blocks                  25.39 ms
solve_momentum_Dzz_blocks                  40.28 ms
solve_pressure_Dxx_blocks                  10.80 ms
solve_pressure_Dyy_blocks                   3.04 ms
solve_pressure_Dzz_blocks                   8.31 ms
solver_step_aggregate                     169.78 ms

solver_total                             3402.80 ms
done
